[wordpressriverthemes.com/HTML/drake/index.html]
[backblue.gif]
[fade.gif]
[index.html]
[wordpressriverthemes.com/HTML/drake/assets/images/favicon.png]
[maxst.icons8.com/vue-static/landings/line-awesome/line-awesome/1.3.0/css/line-awesome.min.css]
[wordpressriverthemes.com/HTML/drake/assets/css/bootstrap.min.css]
[wordpressriverthemes.com/HTML/drake/assets/css/owl.carousel.min.css]
[wordpressriverthemes.com/HTML/drake/assets/css/owl.theme.default.min.css]
[wordpressriverthemes.com/HTML/drake/assets/css/animate.min.css]
[wordpressriverthemes.com/HTML/drake/assets/css/smooth-scrollbar.css]
[wordpressriverthemes.com/HTML/drake/assets/css/lightbox.min.css]
[wordpressriverthemes.com/HTML/drake/assets/css/style.css]
[wordpressriverthemes.com/HTML/drake/assets/css/responsive.css]
[wordpressriverthemes.com/HTML/drake/home1.html]
[wordpressriverthemes.com/HTML/drake/home2.html]
[wordpressriverthemes.com/HTML/drake/home3.html]
[wordpressriverthemes.com/HTML/drake/home4.html]
[wordpressriverthemes.com/HTML/drake/home6.html]
[wordpressriverthemes.com/HTML/drake/home5.html]
[wordpressriverthemes.com/HTML/drake/assets/images/logo.png]
[wordpressriverthemes.com/HTML/drake/assets/images/me.jpg]
[wordpressriverthemes.com/HTML/drake/assets/images/round-text.png]
[wordpressriverthemes.com/HTML/drake/assets/images/figma.png]
[wordpressriverthemes.com/HTML/drake/assets/images/framer.png]
[wordpressriverthemes.com/HTML/drake/assets/images/webflow.png]
[wordpressriverthemes.com/HTML/drake/assets/images/react.png]
[wordpressriverthemes.com/HTML/drake/assets/images/wordpress.png]
[wordpressriverthemes.com/HTML/drake/assets/images/laravel.png]
[wordpressriverthemes.com/HTML/drake/assets/images/portfolio1.jpg]
[wordpressriverthemes.com/HTML/drake/assets/images/portfolio2.jpg]
[wordpressriverthemes.com/HTML/drake/assets/images/portfolio3.jpg]
[wordpressriverthemes.com/HTML/drake/assets/images/portfolio4.jpg]
[wordpressriverthemes.com/HTML/drake/assets/images/portfolio5.jpg]
[wordpressriverthemes.com/HTML/drake/assets/images/testimonial-1.jpg]
[wordpressriverthemes.com/HTML/drake/assets/images/testimonial-2.jpg]
[wordpressriverthemes.com/HTML/drake/assets/images/testimonial-3.jpg]
[wordpressriverthemes.com/HTML/drake/assets/images/client-1.png]
[wordpressriverthemes.com/HTML/drake/assets/images/client-2.png]
[wordpressriverthemes.com/HTML/drake/assets/images/client-3.png]
[wordpressriverthemes.com/HTML/drake/assets/images/client-4.png]
[wordpressriverthemes.com/HTML/drake/assets/images/client-5.png]
[wordpressriverthemes.com/HTML/drake/assets/images/client-6.png]
[wordpressriverthemes.com/HTML/drake/assets/images/client-7.png]
[wordpressriverthemes.com/HTML/drake/assets/images/client-8.png]
[wordpressriverthemes.com/cdn-cgi/scripts/5c5dd728/cloudflare-static/email-decode.min.js]
[wordpressriverthemes.com/HTML/drake/assets/js/jquery.js]
[wordpressriverthemes.com/HTML/drake/assets/js/bootstrap.bundle.min.js]
[wordpressriverthemes.com/HTML/drake/assets/js/owl.carousel.js]
[wordpressriverthemes.com/HTML/drake/assets/js/gsap.min.js]
[wordpressriverthemes.com/HTML/drake/assets/js/ScrollTrigger.min.js]
[wordpressriverthemes.com/HTML/drake/assets/js/ScrollToPlugin.min.js]
[wordpressriverthemes.com/HTML/drake/assets/js/lightbox.min.js]
[wordpressriverthemes.com/HTML/drake/assets/js/main.js]
[wordpressriverthemes.com/HTML/drake/assets/js/ajax-form.js]
[wordpressriverthemes.com/HTML/drake/index.html]
[maxst.icons8.com/vue-static/landings/line-awesome/line-awesome/1.3.0/css/line-awesome.min.css]
[wordpressriverthemes.com/HTML/drake/assets/css/bootstrap.min.css]
[wordpressriverthemes.com/HTML/drake/assets/js/color.js]
[wordpressriverthemes.com/HTML/drake/assets/css/owl.video.play.png]
[wordpressriverthemes.com/HTML/drake/assets/css/owl.carousel.min.css]
[wordpressriverthemes.com/HTML/drake/assets/css/owl.theme.default.min.css]
[wordpressriverthemes.com/HTML/drake/assets/css/animate.min.css]
[wordpressriverthemes.com/HTML/drake/assets/css/smooth-scrollbar.css]
[wordpressriverthemes.com/HTML/drake/assets/images/loading.gif]
[wordpressriverthemes.com/HTML/drake/assets/css/lightbox.min.css]
[wordpressriverthemes.com/HTML/drake/assets/images/bg-shape.png]
[wordpressriverthemes.com/HTML/drake/assets/css/style.css]
[wordpressriverthemes.com/HTML/drake/assets/css/responsive.css]
[wordpressriverthemes.com/HTML/drake/assets/images/video1.mp4]
[wordpressriverthemes.com/HTML/drake/home1.html]
[wordpressriverthemes.com/HTML/drake/assets/images/video2.mp4]
[wordpressriverthemes.com/HTML/drake/home2.html]
[wordpressriverthemes.com/HTML/drake/assets/images/video3.mp4]
[wordpressriverthemes.com/HTML/drake/home3.html]
[wordpressriverthemes.com/HTML/drake/assets/images/video4.mp4]
[wordpressriverthemes.com/HTML/drake/home4.html]
[wordpressriverthemes.com/HTML/drake/home6.html]
[wordpressriverthemes.com/HTML/drake/assets/images/video5.mp4]
[wordpressriverthemes.com/HTML/drake/home5.html]
[wordpressriverthemes.com/HTML/drake/assets/css/owl.video.play.html]
